Component: ARM Compiler 5.06 update 6 (build 750) Tool: armlink [4d35ed]

==============================================================================

Section Cross References

    mystartup.o(RESET) refers to mycode.o(mycode) for flashing


==============================================================================

Image Symbol Table

    Local Symbols

    Symbol Name                              Value     Ov Type        Size  Object(Section)

    RESET                                    0x00000000   Section      132  mystartup.o(RESET)
    mycode.s                                 0x00000000   Number         0  mycode.o ABSOLUTE
    mystartup.s                              0x00000000   Number         0  mystartup.o ABSOLUTE
    SWIHandler                               0x00000040   ARM Code       4  mystartup.o(RESET)
    PAbtHandler                              0x00000044   ARM Code       4  mystartup.o(RESET)
    DAbtHandler                              0x00000048   ARM Code       4  mystartup.o(RESET)
    IRQHandler                               0x0000004c   ARM Code       4  mystartup.o(RESET)
    FIQHandler                               0x00000050   ARM Code       4  mystartup.o(RESET)
    UndefHandler                             0x00000054   ARM Code       4  mystartup.o(RESET)
    Reset_Handler                            0x00000058   ARM Code       0  mystartup.o(RESET)
    mycode                                   0x00000084   Section       96  mycode.o(mycode)

    Global Symbols

    Symbol Name                              Value     Ov Type        Size  Object(Section)

    BuildAttributes$$THM_ISAv1$ARM_ISAv4$S$PE$A:L22$X:L11$S22$IEEE1$IW$USESV6$~STKCKD$USESV7$~SHL$OSPACE$EBA8$STANDARDLIB$PRES8$EABIv2 0x00000000   Number         0  anon$$obj.o ABSOLUTE
    flashing                                 0x00000084   ARM Code       0  mycode.o(mycode)



==============================================================================

Memory Map of the image

  Image Entry point : 0x00000000

  Load Region LR_1 (Base: 0x00000000, Size: 0x000000e4, Max: 0xffffffff, ABSOLUTE)

    Execution Region ER_RO (Exec base: 0x00000000, Load base: 0x00000000, Size: 0x000000e4, Max: 0xffffffff, ABSOLUTE)

    Exec Addr    Load Addr    Size         Type   Attr      Idx    E Section Name        Object

    0x00000000   0x00000000   0x00000084   Code   RO            6  * RESET               mystartup.o
    0x00000084   0x00000084   0x00000060   Code   RO            1    mycode              mycode.o


    Execution Region ER_RW (Exec base: 0x40000000, Load base: 0x000000e4, Size: 0x00000000, Max: 0xffffffff, ABSOLUTE)

    **** No section assigned to this execution region ****


    Execution Region ER_ZI (Exec base: 0x40000000, Load base: 0x000000e4, Size: 0x00000000, Max: 0xffffffff, ABSOLUTE)

    **** No section assigned to this execution region ****


==============================================================================

Image component sizes


      Code (inc. data)   RO Data    RW Data    ZI Data      Debug   Object Name

        96         12          0          0          0        260   mycode.o
       132         40          0          0          0        252   mystartup.o

    ----------------------------------------------------------------------
       228         52          0          0          0        512   Object Totals
         0          0          0          0          0          0   (incl. Generated)
         0          0          0          0          0          0   (incl. Padding)

    ----------------------------------------------------------------------
         0          0          0          0          0          0   Library Totals
         0          0          0          0          0          0   (incl. Padding)

    ----------------------------------------------------------------------

==============================================================================


      Code (inc. data)   RO Data    RW Data    ZI Data      Debug   

       228         52          0          0          0        512   Grand Totals
       228         52          0          0          0        512   ELF Image Totals
       228         52          0          0          0          0   ROM Totals

==============================================================================

    Total RO  Size (Code + RO Data)                  228 (   0.22kB)
    Total RW  Size (RW Data + ZI Data)                 0 (   0.00kB)
    Total ROM Size (Code + RO Data + RW Data)        228 (   0.22kB)

==============================================================================

